./def.py:3:5: XRT001 Function must end with bare return or raise statement
